// Jest Snapshot v1, https://goo.gl/fbAQLP

exports[`Card snapshot 1`] = `
<DocumentFragment>
  <div
    class="card"
  >
    <div>
      Mock Children
    </div>
  </div>
</DocumentFragment>
`;
