// Jest Snapshot v1, https://goo.gl/fbAQLP

exports[`Posts snapshot 1`] = `
<DocumentFragment>
  <div
    class="container"
  />
</DocumentFragment>
`;
