// Jest Snapshot v1, https://goo.gl/fbAQLP

exports[`Comments snapshot 1`] = `
<DocumentFragment>
  <div
    class="comments"
  />
</DocumentFragment>
`;
