// Jest Snapshot v1, https://goo.gl/fbAQLP

exports[`Dropdown snapshot 1`] = `
<DocumentFragment>
  <div
    class="dropdown profile-width"
  >
    <div
      class="dropdown__content"
    />
  </div>
</DocumentFragment>
`;
