// Jest Snapshot v1, https://goo.gl/fbAQLP

exports[`CommunityDropdown snapshot 1`] = `
<DocumentFragment>
  <div
    class="dropdown community-width"
  >
    <div
      class="dropdown__content"
    >
      <div
        class="community__dropdown"
      >
        <p
          class="community__dropdown-my-communities"
        >
          MY COMMUNITIES
        </p>
        <button
          class="community__dropdown-button"
        >
          <svg
            class="community__dropdown-icon"
            fill="currentColor"
            height="1em"
            stroke="currentColor"
            stroke-width="0"
            t="1551322312294"
            version="1.1"
            viewBox="0 0 1024 1024"
            width="1em"
            xmlns="http://www.w3.org/2000/svg"
          >
            <defs />
            <path
              d="M474 152m8 0l60 0q8 0 8 8l0 704q0 8-8 8l-60 0q-8 0-8-8l0-704q0-8 8-8Z"
            />
            <path
              d="M168 474m8 0l672 0q8 0 8 8l0 60q0 8-8 8l-672 0q-8 0-8-8l0-60q0-8 8-8Z"
            />
          </svg>
          Create Community
        </button>
      </div>
      <div />
    </div>
  </div>
</DocumentFragment>
`;
