// Jest Snapshot v1, https://goo.gl/fbAQLP

exports[`Profile snapshot 1`] = `
<DocumentFragment>
  <div
    class="profile"
  >
    <button
      class="profile__button"
    >
      <span
        class="profile__details"
      >
        <img
          alt="default reddit avatar"
          class="profile__avatar"
          src="https://styles.redditmedia.com/t5_g2km0/styles/profileIcon_snood9e1c00c-b1c6-46a9-a231-a6fcd78cdd16-headshot.png?width=256&height=256&frame=1&crop=256:256,smart&s=7bd48be150588ab7dc3dc5c73be4d0dcddeeae8d"
        />
        <div
          class="profile__content"
        >
          <p
            class="profile__username"
          />
          <p
            class="profile__karma"
          >
            130 Karma
          </p>
        </div>
      </span>
      <svg
        class="profile__button-icon"
        fill="currentColor"
        height="1em"
        stroke="currentColor"
        stroke-width="0"
        viewBox="0 0 512 512"
        width="1em"
        xmlns="http://www.w3.org/2000/svg"
      >
        <path
          d="M256 294.1L383 167c9.4-9.4 24.6-9.4 33.9 0s9.3 24.6 0 34L273 345c-9.1 9.1-23.7 9.3-33.1.7L95 201.1c-4.7-4.7-7-10.9-7-17s2.3-12.3 7-17c9.4-9.4 24.6-9.4 33.9 0l127.1 127z"
        />
      </svg>
    </button>
  </div>
</DocumentFragment>
`;
