// Jest Snapshot v1, https://goo.gl/fbAQLP

exports[`TopCommunitiesCard snapshot 1`] = `
<DocumentFragment>
  <div
    class="card"
  >
    <div
      class="top-communities__top-community-image"
    >
      <h2
        class="top-communities__top-community-title"
      >
        Top Communities
      </h2>
    </div>
    <ol
      class="top-communities__top-community-list"
    >
      <li
        class="top-communities__top-community-item"
      >
        <a
          class="top-communities__top-community-details"
        >
          <p
            class="top-communities__top-community-rank"
          >
            1
          </p>
          <svg
            class="top-communities__top-community-icon"
            fill="currentColor"
            height="1em"
            stroke="currentColor"
            stroke-width="0"
            viewBox="0 0 512 512"
            width="1em"
            xmlns="http://www.w3.org/2000/svg"
          >
            <path
              d="M256 217.9L383 345c9.4 9.4 24.6 9.4 33.9 0 9.4-9.4 9.3-24.6 0-34L273 167c-9.1-9.1-23.7-9.3-33.1-.7L95 310.9c-4.7 4.7-7 10.9-7 17s2.3 12.3 7 17c9.4 9.4 24.6 9.4 33.9 0l127.1-127z"
            />
          </svg>
          <span
            class="top-communities__top-community-name"
          >
            r/gaming
          </span>
        </a>
        <button
          class="top-communities__top-community-button top-communities__top-community-button_type_join"
        >
          Join
        </button>
      </li>
      <li
        class="top-communities__top-community-item"
      >
        <a
          class="top-communities__top-community-details"
        >
          <p
            class="top-communities__top-community-rank"
          >
            1
          </p>
          <svg
            class="top-communities__top-community-icon"
            fill="currentColor"
            height="1em"
            stroke="currentColor"
            stroke-width="0"
            viewBox="0 0 512 512"
            width="1em"
            xmlns="http://www.w3.org/2000/svg"
          >
            <path
              d="M256 217.9L383 345c9.4 9.4 24.6 9.4 33.9 0 9.4-9.4 9.3-24.6 0-34L273 167c-9.1-9.1-23.7-9.3-33.1-.7L95 310.9c-4.7 4.7-7 10.9-7 17s2.3 12.3 7 17c9.4 9.4 24.6 9.4 33.9 0l127.1-127z"
            />
          </svg>
          <span
            class="top-communities__top-community-name"
          >
            r/gaming
          </span>
        </a>
        <button
          class="top-communities__top-community-button top-communities__top-community-button_type_join"
        >
          Join
        </button>
      </li>
      <li
        class="top-communities__top-community-item"
      >
        <a
          class="top-communities__top-community-details"
        >
          <p
            class="top-communities__top-community-rank"
          >
            1
          </p>
          <svg
            class="top-communities__top-community-icon"
            fill="currentColor"
            height="1em"
            stroke="currentColor"
            stroke-width="0"
            viewBox="0 0 512 512"
            width="1em"
            xmlns="http://www.w3.org/2000/svg"
          >
            <path
              d="M256 217.9L383 345c9.4 9.4 24.6 9.4 33.9 0 9.4-9.4 9.3-24.6 0-34L273 167c-9.1-9.1-23.7-9.3-33.1-.7L95 310.9c-4.7 4.7-7 10.9-7 17s2.3 12.3 7 17c9.4 9.4 24.6 9.4 33.9 0l127.1-127z"
            />
          </svg>
          <span
            class="top-communities__top-community-name"
          >
            r/gaming
          </span>
        </a>
        <button
          class="top-communities__top-community-button top-communities__top-community-button_type_join"
        >
          Join
        </button>
      </li>
      <li
        class="top-communities__top-community-item"
      >
        <a
          class="top-communities__top-community-details"
        >
          <p
            class="top-communities__top-community-rank"
          >
            1
          </p>
          <svg
            class="top-communities__top-community-icon"
            fill="currentColor"
            height="1em"
            stroke="currentColor"
            stroke-width="0"
            viewBox="0 0 512 512"
            width="1em"
            xmlns="http://www.w3.org/2000/svg"
          >
            <path
              d="M256 217.9L383 345c9.4 9.4 24.6 9.4 33.9 0 9.4-9.4 9.3-24.6 0-34L273 167c-9.1-9.1-23.7-9.3-33.1-.7L95 310.9c-4.7 4.7-7 10.9-7 17s2.3 12.3 7 17c9.4 9.4 24.6 9.4 33.9 0l127.1-127z"
            />
          </svg>
          <span
            class="top-communities__top-community-name"
          >
            r/gaming
          </span>
        </a>
        <button
          class="top-communities__top-community-button top-communities__top-community-button_type_join"
        >
          Join
        </button>
      </li>
      <li
        class="top-communities__top-community-item"
      >
        <a
          class="top-communities__top-community-details"
        >
          <p
            class="top-communities__top-community-rank"
          >
            1
          </p>
          <svg
            class="top-communities__top-community-icon"
            fill="currentColor"
            height="1em"
            stroke="currentColor"
            stroke-width="0"
            viewBox="0 0 512 512"
            width="1em"
            xmlns="http://www.w3.org/2000/svg"
          >
            <path
              d="M256 217.9L383 345c9.4 9.4 24.6 9.4 33.9 0 9.4-9.4 9.3-24.6 0-34L273 167c-9.1-9.1-23.7-9.3-33.1-.7L95 310.9c-4.7 4.7-7 10.9-7 17s2.3 12.3 7 17c9.4 9.4 24.6 9.4 33.9 0l127.1-127z"
            />
          </svg>
          <span
            class="top-communities__top-community-name"
          >
            r/gaming
          </span>
        </a>
        <button
          class="top-communities__top-community-button top-communities__top-community-button_type_join"
        >
          Join
        </button>
      </li>
    </ol>
    <button
      class="top-communities__top-community-button top-communities__top-community-button_type_view"
    >
      View All
    </button>
  </div>
</DocumentFragment>
`;
