// Jest Snapshot v1, https://goo.gl/fbAQLP

exports[`PostCreatorCard snapshot 1`] = `<DocumentFragment />`;
